IdentifierTest.java:42:11: compiler.warn.underscore.as.identifier
IdentifierTest.java:45:16: compiler.warn.underscore.as.identifier
IdentifierTest.java:46:20: compiler.warn.underscore.as.identifier
IdentifierTest.java:47:22: compiler.warn.underscore.as.identifier
IdentifierTest.java:52:13: compiler.warn.underscore.as.identifier
IdentifierTest.java:52:15: compiler.warn.underscore.as.identifier
IdentifierTest.java:52:23: compiler.warn.underscore.as.identifier
IdentifierTest.java:54:13: compiler.warn.underscore.as.identifier
IdentifierTest.java:56:13: compiler.warn.underscore.as.identifier
IdentifierTest.java:62:21: compiler.warn.underscore.as.identifier
IdentifierTest.java:63:42: compiler.warn.underscore.as.identifier
IdentifierTest.java:64:67: compiler.warn.underscore.as.identifier
IdentifierTest.java:71:13: compiler.warn.underscore.as.identifier
IdentifierTest.java:72:14: compiler.warn.underscore.as.identifier
IdentifierTest.java:73:18: compiler.warn.underscore.as.identifier
IdentifierTest.java:78:22: compiler.warn.underscore.as.identifier
IdentifierTest.java:80:13: compiler.warn.underscore.as.identifier
IdentifierTest.java:80:15: compiler.warn.underscore.as.identifier
IdentifierTest.java:82:13: compiler.warn.underscore.as.identifier
IdentifierTest.java:82:15: compiler.warn.underscore.as.identifier
IdentifierTest.java:89:10: compiler.warn.underscore.as.identifier
IdentifierTest.java:89:38: compiler.warn.underscore.as.identifier
IdentifierTest.java:95:14: compiler.warn.underscore.as.identifier
IdentifierTest.java:102:17: compiler.warn.underscore.as.identifier
IdentifierTest.java:102:26: compiler.warn.underscore.as.identifier
IdentifierTest.java:119:20: compiler.warn.underscore.as.identifier
IdentifierTest.java:124:10: compiler.warn.underscore.as.identifier
IdentifierTest.java:129:17: compiler.warn.underscore.as.identifier
IdentifierTest.java:132:17: compiler.warn.underscore.as.identifier
IdentifierTest.java:139:17: compiler.warn.underscore.as.identifier
IdentifierTest.java:139:24: compiler.warn.underscore.as.identifier
IdentifierTest.java:139:33: compiler.warn.underscore.as.identifier
IdentifierTest.java:140:39: compiler.warn.underscore.as.identifier
IdentifierTest.java:144:13: compiler.warn.underscore.as.identifier
IdentifierTest.java:145:15: compiler.warn.underscore.as.identifier
IdentifierTest.java:146:13: compiler.warn.underscore.as.identifier
IdentifierTest.java:151:15: compiler.warn.underscore.as.identifier
IdentifierTest.java:152:17: compiler.warn.underscore.as.identifier
IdentifierTest.java:158:16: compiler.warn.underscore.as.identifier
IdentifierTest.java:160:25: compiler.warn.underscore.as.identifier
IdentifierTest.java:169:5: compiler.warn.underscore.as.identifier
IdentifierTest.java:173:26: compiler.warn.underscore.as.identifier
IdentifierTest.java:175:19: compiler.warn.underscore.as.identifier
IdentifierTest.java:181:11: compiler.warn.underscore.as.identifier
- compiler.err.warnings.and.werror
1 error
44 warnings