BinarySuperclassConstraints.java:14:12: compiler.err.inline.type.must.not.implement.identity.object: BinarySuperclassConstraints.I0
BinarySuperclassConstraints.java:29:12: compiler.err.super.field.not.allowed: x, BinarySuperclassConstraints.I6, SuperclassCollections.SuperWithInstanceField
BinarySuperclassConstraints.java:38:12: compiler.err.super.no.arg.constructor.must.be.empty: SuperclassCollections.SuperWithNonEmptyNoArgCtor(), BinarySuperclassConstraints.I9, SuperclassCollections.SuperWithNonEmptyNoArgCtor
BinarySuperclassConstraints.java:40:12: compiler.err.super.constructor.cannot.take.arguments: SuperclassCollections.SuperWithArgedCtor(java.lang.String), BinarySuperclassConstraints.I10, SuperclassCollections.SuperWithArgedCtor
BinarySuperclassConstraints.java:42:12: compiler.err.super.no.arg.constructor.must.be.empty: SuperclassCollections.SuperWithInstanceInit(), BinarySuperclassConstraints.I11, SuperclassCollections.SuperWithInstanceInit
BinarySuperclassConstraints.java:44:12: compiler.err.super.method.cannot.be.synchronized: foo(), BinarySuperclassConstraints.I12, SuperclassCollections.SuperWithSynchronizedMethod
BinarySuperclassConstraints.java:46:12: compiler.err.encl.class.required: SuperclassCollections.InnerSuper
7 errors
