NonExportedPermittedTypes.java:40:9: compiler.err.not.exhaustive.statement
1 error
