- compiler.err.preview.feature.disabled.classfile: Bar.class, 16
1 error
