CustomTagTest.java:17: error: unknown tag. Unregistered custom tag?
 * @unknownTag Text for an unknown tag.
   ^
1 error

