EarlyAssignments.java:44:26: compiler.err.cant.ref.before.ctor.called: x
EarlyAssignments.java:45:21: compiler.err.cant.ref.before.ctor.called: x
EarlyAssignments.java:46:26: compiler.err.cant.ref.before.ctor.called: x
EarlyAssignments.java:47:34: compiler.err.cant.ref.before.ctor.called: x
EarlyAssignments.java:49:36: compiler.err.cant.ref.before.ctor.called: this
EarlyAssignments.java:53:17: compiler.err.cant.ref.before.ctor.called: x
EarlyAssignments.java:57:21: compiler.err.cant.ref.before.ctor.called: x
EarlyAssignments.java:61:22: compiler.err.cant.ref.before.ctor.called: x
EarlyAssignments.java:79:13: compiler.err.cant.ref.before.ctor.called: x
EarlyAssignments.java:80:17: compiler.err.cant.ref.before.ctor.called: x
EarlyAssignments.java:81:25: compiler.err.cant.ref.before.ctor.called: this
EarlyAssignments.java:82:31: compiler.err.cant.ref.before.ctor.called: this
EarlyAssignments.java:132:17: compiler.err.cant.ref.before.ctor.called: x
EarlyAssignments.java:137:22: compiler.err.cant.ref.before.ctor.called: x
EarlyAssignments.java:142:29: compiler.err.cant.ref.before.ctor.called: x
EarlyAssignments.java:147:22: compiler.err.cant.ref.before.ctor.called: x
EarlyAssignments.java:152:28: compiler.err.cant.ref.before.ctor.called: x
EarlyAssignments.java:170:13: compiler.err.cant.assign.val.to.var: final, x
EarlyAssignments.java:181:13: compiler.err.cant.ref.before.ctor.called: this
- compiler.note.preview.filename: EarlyAssignments.java, DEFAULT
- compiler.note.preview.recompile
19 errors
