EarlyAssignmentNoPreview2.java:13:13: compiler.err.feature.not.supported.in.source: (compiler.misc.feature.flexible.constructors), 24, 25
1 error
