T8286797.java:35:32: compiler.err.guard.has.constant.expression.false
T8286797.java:43:34: compiler.err.guard.has.constant.expression.false
2 errors