CheckFeatureSourceLevel.java:10:12: compiler.err.feature.not.supported.in.source.plural: (compiler.misc.feature.value.classes), 13, 18
1 error
