FlattenableNegativeTest.java:13:25: compiler.err.prob.found.req: (compiler.misc.inconvertible.types: compiler.misc.type.null, FlattenableNegativeTest.V)
FlattenableNegativeTest.java:17:38: compiler.err.prob.found.req: (compiler.misc.inconvertible.types: compiler.misc.type.null, FlattenableNegativeTest.V)
FlattenableNegativeTest.java:22:34: compiler.err.prob.found.req: (compiler.misc.inconvertible.types: compiler.misc.type.null, FlattenableNegativeTest.V)
FlattenableNegativeTest.java:28:25: compiler.err.prob.found.req: (compiler.misc.inconvertible.types: compiler.misc.type.null, FlattenableNegativeTest.V)
FlattenableNegativeTest.java:29:34: compiler.err.prob.found.req: (compiler.misc.inconvertible.types: compiler.misc.type.null, FlattenableNegativeTest.V)
FlattenableNegativeTest.java:31:38: compiler.err.prob.found.req: (compiler.misc.inconvertible.types: compiler.misc.type.null, FlattenableNegativeTest.V)
FlattenableNegativeTest.java:32:21: compiler.err.prob.found.req: (compiler.misc.inconvertible.types: compiler.misc.type.null, FlattenableNegativeTest.V)
FlattenableNegativeTest.java:33:25: compiler.err.prob.found.req: (compiler.misc.inconvertible.types: compiler.misc.type.null, FlattenableNegativeTest.V)
FlattenableNegativeTest.java:34:32: compiler.err.prob.found.req: (compiler.misc.inconvertible.types: compiler.misc.type.null, FlattenableNegativeTest.V)
9 errors
