CtorAccess.java:16:12: compiler.warn.serializable.missing.access.no.arg.ctor: CtorAccess
CtorAccess.java:31:5: compiler.warn.serializable.missing.access.no.arg.ctor: CtorAccess.MemberSuper
2 warnings
