InvalidThisAndSuperInConstructorArgTest.java:23:35: compiler.err.cant.ref.before.ctor.called: toString()
InvalidThisAndSuperInConstructorArgTest.java:26:34: compiler.err.cant.ref.before.ctor.called: toString()
InvalidThisAndSuperInConstructorArgTest.java:29:34: compiler.err.cant.ref.before.ctor.called: toString()
InvalidThisAndSuperInConstructorArgTest.java:32:33: compiler.err.cant.ref.before.ctor.called: toString()
InvalidThisAndSuperInConstructorArgTest.java:35:33: compiler.err.not.encl.class: java.lang.AssertionError
InvalidThisAndSuperInConstructorArgTest.java:38:32: compiler.err.not.encl.class: java.lang.AssertionError
InvalidThisAndSuperInConstructorArgTest.java:41:33: compiler.err.not.encl.class: java.lang.AssertionError
InvalidThisAndSuperInConstructorArgTest.java:44:32: compiler.err.not.encl.class: java.lang.AssertionError
InvalidThisAndSuperInConstructorArgTest.java:47:44: compiler.err.cant.ref.before.ctor.called: get()
InvalidThisAndSuperInConstructorArgTest.java:50:39: compiler.err.not.encl.class: InvalidThisAndSuperInConstructorArgTest.InterfaceWithDefault
InvalidThisAndSuperInConstructorArgTest.java:53:38: compiler.err.not.encl.class: InvalidThisAndSuperInConstructorArgTest.InterfaceWithDefault
InvalidThisAndSuperInConstructorArgTest.java:56:45: compiler.err.cant.ref.before.ctor.called: get()
InvalidThisAndSuperInConstructorArgTest.java:59:28: compiler.err.cant.ref.before.ctor.called: this
13 errors
