T4717181c.java:15:21: compiler.err.incompatible.diff.ret.same.type: T4717181c.A<java.lang.Integer>, f, java.lang.Integer
1 error
