FauxEnum3.java:11:14: compiler.err.enum.types.not.extensible
1 error